0 verbose cli /usr/local/bin/node /usr/local/bin/npm
1 info using npm@11.6.2
2 info using node@v24.13.0
3 silly config load:file:/usr/local/lib/node_modules/npm/npmrc
4 silly config load:file:/Users/vanthang/Documents/CDIO/Order_food/frontend/.npmrc
5 silly config load:file:/Users/vanthang/.npmrc
6 silly config load:file:/usr/local/etc/npmrc
7 verbose title npm install
8 verbose argv "install" "--cache" "./.npm_cache" "--prefer-offline"
9 verbose logfile logs-max:10 dir:/Users/vanthang/Documents/CDIO/Order_food/frontend/.npm_cache/_logs/2026-05-15T06_53_01_604Z-
10 verbose logfile /Users/vanthang/Documents/CDIO/Order_food/frontend/.npm_cache/_logs/2026-05-15T06_53_01_604Z-debug-0.log
11 silly logfile done cleaning log files
12 silly packumentCache heap:2348810240 maxSize:587202560 maxEntrySize:293601280
13 silly idealTree buildDeps
14 silly reify mark retired [
14 silly reify   '/Users/vanthang/Documents/CDIO/Order_food/frontend/node_modules/caniuse-lite'
14 silly reify ]
15 silly reify mark retired [
15 silly reify   '/Users/vanthang/Documents/CDIO/Order_food/frontend/node_modules/@babel/generator'
15 silly reify ]
16 silly reify mark retired [
16 silly reify   '/Users/vanthang/Documents/CDIO/Order_food/frontend/node_modules/@babel/helpers'
16 silly reify ]
17 silly reify mark retired [
17 silly reify   '/Users/vanthang/Documents/CDIO/Order_food/frontend/node_modules/@babel/types'
17 silly reify ]
18 silly reify mark retired [
18 silly reify   '/Users/vanthang/Documents/CDIO/Order_food/frontend/node_modules/@reduxjs/toolkit'
18 silly reify ]
19 silly reify moves {
19 silly reify   '/Users/vanthang/Documents/CDIO/Order_food/frontend/node_modules/caniuse-lite': '/Users/vanthang/Documents/CDIO/Order_food/frontend/node_modules/.caniuse-lite-sDem0kx1',
19 silly reify   '/Users/vanthang/Documents/CDIO/Order_food/frontend/node_modules/@babel/generator': '/Users/vanthang/Documents/CDIO/Order_food/frontend/node_modules/@babel/.generator-k1i583e8',
19 silly reify   '/Users/vanthang/Documents/CDIO/Order_food/frontend/node_modules/@babel/helpers': '/Users/vanthang/Documents/CDIO/Order_food/frontend/node_modules/@babel/.helpers-xxN2kyMM',
19 silly reify   '/Users/vanthang/Documents/CDIO/Order_food/frontend/node_modules/@babel/types': '/Users/vanthang/Documents/CDIO/Order_food/frontend/node_modules/@babel/.types-6NQBxnNU',
19 silly reify   '/Users/vanthang/Documents/CDIO/Order_food/frontend/node_modules/@reduxjs/toolkit': '/Users/vanthang/Documents/CDIO/Order_food/frontend/node_modules/@reduxjs/.toolkit-5l8XG3J0'
19 silly reify }
20 silly audit bulk request {
20 silly audit   '@babel/code-frame': [ '7.29.0' ],
20 silly audit   '@babel/compat-data': [ '7.29.0' ],
20 silly audit   '@babel/core': [ '7.29.0' ],
20 silly audit   '@babel/generator': [ '7.29.1' ],
20 silly audit   '@babel/helper-compilation-targets': [ '7.28.6' ],
20 silly audit   '@babel/helper-globals': [ '7.28.0' ],
20 silly audit   '@babel/helper-module-imports': [ '7.28.6' ],
20 silly audit   '@babel/helper-module-transforms': [ '7.28.6' ],
20 silly audit   '@babel/helper-plugin-utils': [ '7.28.6' ],
20 silly audit   '@babel/helper-string-parser': [ '7.27.1' ],
20 silly audit   '@babel/helper-validator-identifier': [ '7.28.5' ],
20 silly audit   '@babel/helper-validator-option': [ '7.27.1' ],
20 silly audit   '@babel/helpers': [ '7.29.2' ],
20 silly audit   '@babel/parser': [ '7.29.2' ],
20 silly audit   '@babel/plugin-syntax-import-meta': [ '7.10.4' ],
20 silly audit   '@babel/plugin-transform-react-jsx-self': [ '7.27.1' ],
20 silly audit   '@babel/plugin-transform-react-jsx-source': [ '7.27.1' ],
20 silly audit   '@babel/template': [ '7.28.6' ],
20 silly audit   '@babel/traverse': [ '7.29.0' ],
20 silly audit   '@babel/types': [ '7.29.0' ],
20 silly audit   '@esbuild/aix-ppc64': [ '0.21.5' ],
20 silly audit   '@esbuild/android-arm': [ '0.21.5' ],
20 silly audit   '@esbuild/android-arm64': [ '0.21.5' ],
20 silly audit   '@esbuild/android-x64': [ '0.21.5' ],
20 silly audit   '@esbuild/darwin-arm64': [ '0.21.5' ],
20 silly audit   '@esbuild/darwin-x64': [ '0.21.5' ],
20 silly audit   '@esbuild/freebsd-arm64': [ '0.21.5' ],
20 silly audit   '@esbuild/freebsd-x64': [ '0.21.5' ],
20 silly audit   '@esbuild/linux-arm': [ '0.21.5' ],
20 silly audit   '@esbuild/linux-arm64': [ '0.21.5' ],
20 silly audit   '@esbuild/linux-ia32': [ '0.21.5' ],
20 silly audit   '@esbuild/linux-loong64': [ '0.21.5' ],
20 silly audit   '@esbuild/linux-mips64el': [ '0.21.5' ],
20 silly audit   '@esbuild/linux-ppc64': [ '0.21.5' ],
20 silly audit   '@esbuild/linux-riscv64': [ '0.21.5' ],
20 silly audit   '@esbuild/linux-s390x': [ '0.21.5' ],
20 silly audit   '@esbuild/linux-x64': [ '0.21.5' ],
20 silly audit   '@esbuild/netbsd-x64': [ '0.21.5' ],
20 silly audit   '@esbuild/openbsd-x64': [ '0.21.5' ],
20 silly audit   '@esbuild/sunos-x64': [ '0.21.5' ],
20 silly audit   '@esbuild/win32-arm64': [ '0.21.5' ],
20 silly audit   '@esbuild/win32-ia32': [ '0.21.5' ],
20 silly audit   '@esbuild/win32-x64': [ '0.21.5' ],
20 silly audit   '@jridgewell/gen-mapping': [ '0.3.13' ],
20 silly audit   '@jridgewell/remapping': [ '2.3.5' ],
20 silly audit   '@jridgewell/resolve-uri': [ '3.1.2' ],
20 silly audit   '@jridgewell/sourcemap-codec': [ '1.5.5' ],
20 silly audit   '@jridgewell/trace-mapping': [ '0.3.31' ],
20 silly audit   '@reduxjs/toolkit': [ '2.11.2' ],
20 silly audit   immer: [ '11.1.4', '10.2.0' ],
20 silly audit   '@rolldown/pluginutils': [ '1.0.0-beta.27' ],
20 silly audit   '@rollup/rollup-android-arm-eabi': [ '4.60.2' ],
20 silly audit   '@rollup/rollup-android-arm64': [ '4.60.2' ],
20 silly audit   '@rollup/rollup-darwin-arm64': [ '4.60.2' ],
20 silly audit   '@rollup/rollup-darwin-x64': [ '4.60.2' ],
20 silly audit   '@rollup/rollup-freebsd-arm64': [ '4.60.2' ],
20 silly audit   '@rollup/rollup-freebsd-x64': [ '4.60.2' ],
20 silly audit   '@rollup/rollup-linux-arm-gnueabihf': [ '4.60.2' ],
20 silly audit   '@rollup/rollup-linux-arm-musleabihf': [ '4.60.2' ],
20 silly audit   '@rollup/rollup-linux-arm64-gnu': [ '4.60.2' ],
20 silly audit   '@rollup/rollup-linux-arm64-musl': [ '4.60.2' ],
20 silly audit   '@rollup/rollup-linux-loong64-gnu': [ '4.60.2' ],
20 silly audit   '@rollup/rollup-linux-loong64-musl': [ '4.60.2' ],
20 silly audit   '@rollup/rollup-linux-ppc64-gnu': [ '4.60.2' ],
20 silly audit   '@rollup/rollup-linux-ppc64-musl': [ '4.60.2' ],
20 silly audit   '@rollup/rollup-linux-riscv64-gnu': [ '4.60.2' ],
20 silly audit   '@rollup/rollup-linux-riscv64-musl': [ '4.60.2' ],
20 silly audit   '@rollup/rollup-linux-s390x-gnu': [ '4.60.2' ],
20 silly audit   '@rollup/rollup-linux-x64-gnu': [ '4.60.2' ],
20 silly audit   '@rollup/rollup-linux-x64-musl': [ '4.60.2' ],
20 silly audit   '@rollup/rollup-openbsd-x64': [ '4.60.2' ],
20 silly audit   '@rollup/rollup-openharmony-arm64': [ '4.60.2' ],
20 silly audit   '@rollup/rollup-win32-arm64-msvc': [ '4.60.2' ],
20 silly audit   '@rollup/rollup-win32-ia32-msvc': [ '4.60.2' ],
20 silly audit   '@rollup/rollup-win32-x64-gnu': [ '4.60.2' ],
20 silly audit   '@rollup/rollup-win32-x64-msvc': [ '4.60.2' ],
20 silly audit   '@socket.io/component-emitter': [ '3.1.2' ],
20 silly audit   '@standard-schema/spec': [ '1.1.0' ],
20 silly audit   '@standard-schema/utils': [ '0.3.0' ],
20 silly audit   '@types/babel__core': [ '7.20.5' ],
20 silly audit   '@types/babel__generator': [ '7.27.0' ],
20 silly audit   '@types/babel__template': [ '7.4.4' ],
20 silly audit   '@types/babel__traverse': [ '7.28.0' ],
20 silly audit   '@types/d3-array': [ '3.2.2' ],
20 silly audit   '@types/d3-color': [ '3.1.3' ],
20 silly audit   '@types/d3-ease': [ '3.0.2' ],
20 silly audit   '@types/d3-interpolate': [ '3.0.4' ],
20 silly audit   '@types/d3-path': [ '3.1.1' ],
20 silly audit   '@types/d3-scale': [ '4.0.9' ],
20 silly audit   '@types/d3-shape': [ '3.1.8' ],
20 silly audit   '@types/d3-time': [ '3.0.4' ],
20 silly audit   '@types/d3-timer': [ '3.0.2' ],
20 silly audit   '@types/estree': [ '1.0.8' ],
20 silly audit   '@types/offscreencanvas': [ '2019.7.3' ],
20 silly audit   '@types/use-sync-external-store': [ '0.0.6' ],
20 silly audit   '@vitejs/plugin-react': [ '4.7.0' ],
20 silly audit   asynckit: [ '0.4.0' ],
20 silly audit   axios: [ '1.15.2' ],
20 silly audit   'baseline-browser-mapping': [ '2.10.21' ],
20 silly audit   browserslist: [ '4.28.2' ],
20 silly audit   'call-bind-apply-helpers': [ '1.0.2' ],
20 silly audit   'caniuse-lite': [ '1.0.30001790' ],
20 silly audit   clsx: [ '2.1.1' ],
20 silly audit   'combined-stream': [ '1.0.8' ],
20 silly audit   'convert-source-map': [ '2.0.0' ],
20 silly audit   cookie: [ '1.1.1' ],
20 silly audit   'd3-array': [ '3.2.4' ],
20 silly audit   'd3-color': [ '3.1.0' ],
20 silly audit   'd3-ease': [ '3.0.1' ],
20 silly audit   'd3-format': [ '3.1.2' ],
20 silly audit   'd3-interpolate': [ '3.0.1' ],
20 silly audit   'd3-path': [ '3.1.0' ],
20 silly audit   'd3-scale': [ '4.0.2' ],
20 silly audit   'd3-shape': [ '3.2.0' ],
20 silly audit   'd3-time': [ '3.1.0' ],
20 silly audit   'd3-time-format': [ '4.1.0' ],
20 silly audit   'd3-timer': [ '3.0.1' ],
20 silly audit   debug: [ '4.4.3' ],
20 silly audit   'decimal.js-light': [ '2.5.1' ],
20 silly audit   'delayed-stream': [ '1.0.0' ],
20 silly audit   'dunder-proto': [ '1.0.1' ],
20 silly audit   'electron-to-chromium': [ '1.5.344' ],
20 silly audit   'engine.io-client': [ '6.6.4' ],
20 silly audit   'engine.io-parser': [ '5.2.3' ],
20 silly audit   'es-define-property': [ '1.0.1' ],
20 silly audit   'es-errors': [ '1.3.0' ],
20 silly audit   'es-object-atoms': [ '1.1.1' ],
20 silly audit   'es-set-tostringtag': [ '2.1.0' ],
20 silly audit   'es-toolkit': [ '1.46.0' ],
20 silly audit   esbuild: [ '0.21.5' ],
20 silly audit   escalade: [ '3.2.0' ],
20 silly audit   eventemitter3: [ '5.0.4' ],
20 silly audit   'follow-redirects': [ '1.16.0' ],
20 silly audit   'form-data': [ '4.0.5' ],
20 silly audit   fsevents: [ '2.3.3' ],
20 silly audit   'function-bind': [ '1.1.2' ],
20 silly audit   gensync: [ '1.0.0-beta.2' ],
20 silly audit   'get-intrinsic': [ '1.3.0' ],
20 silly audit   'get-proto': [ '1.0.1' ],
20 silly audit   gopd: [ '1.2.0' ],
20 silly audit   'has-symbols': [ '1.1.0' ],
20 silly audit   'has-tostringtag': [ '1.0.2' ],
20 silly audit   hasown: [ '2.0.3' ],
20 silly audit   internmap: [ '2.0.3' ],
20 silly audit   'js-tokens': [ '4.0.0' ],
20 silly audit   jsesc: [ '3.1.0' ],
20 silly audit   json5: [ '2.2.3' ],
20 silly audit   'loose-envify': [ '1.4.0' ],
20 silly audit   'lru-cache': [ '5.1.1' ],
20 silly audit   'lucide-react': [ '1.9.0' ],
20 silly audit   'math-intrinsics': [ '1.1.0' ],
20 silly audit   'mime-db': [ '1.52.0' ],
20 silly audit   'mime-types': [ '2.1.35' ],
20 silly audit   ms: [ '2.1.3' ],
20 silly audit   nanoid: [ '3.3.11' ],
20 silly audit   'node-releases': [ '2.0.38' ],
20 silly audit   picocolors: [ '1.1.1' ],
20 silly audit   postcss: [ '8.5.10' ],
20 silly audit   'proxy-from-env': [ '2.1.0' ],
20 silly audit   'qr-scanner': [ '1.4.2' ],
20 silly audit   'qrcode.react': [ '4.2.0' ],
20 silly audit   react: [ '18.3.1' ],
20 silly audit   'react-dom': [ '18.3.1' ],
20 silly audit   'react-is': [ '19.2.5' ],
20 silly audit   'react-redux': [ '9.2.0' ],
20 silly audit   'react-refresh': [ '0.17.0', '0.8.3' ],
20 silly audit   'react-router': [ '7.14.2' ],
20 silly audit   'react-router-dom': [ '7.14.2' ],
20 silly audit   recharts: [ '3.8.1' ],
20 silly audit   redux: [ '5.0.1' ],
20 silly audit   'redux-thunk': [ '3.1.0' ],
20 silly audit   reselect: [ '5.1.1' ],
20 silly audit   rollup: [ '4.60.2' ],
20 silly audit   scheduler: [ '0.23.2' ],
20 silly audit   semver: [ '6.3.1' ],
20 silly audit   'set-cookie-parser': [ '2.7.2' ],
20 silly audit   'socket.io-client': [ '4.8.3' ],
20 silly audit   'socket.io-parser': [ '4.2.6' ],
20 silly audit   'source-map-js': [ '1.2.1' ],
20 silly audit   'tiny-invariant': [ '1.3.3' ],
20 silly audit   'update-browserslist-db': [ '1.2.3' ],
20 silly audit   'use-sync-external-store': [ '1.6.0' ],
20 silly audit   'victory-vendor': [ '37.3.6' ],
20 silly audit   vite: [ '5.4.21' ],
20 silly audit   'vite-plugin-react': [ '4.0.1' ],
20 silly audit   ws: [ '8.18.3' ],
20 silly audit   'xmlhttprequest-ssl': [ '2.1.2' ],
20 silly audit   yallist: [ '3.1.1' ],
20 silly audit   zustand: [ '5.0.12' ]
20 silly audit }
21 http cache zustand@https://registry.npmjs.org/zustand/-/zustand-5.0.12.tgz 0ms (cache hit)
22 http cache xmlhttprequest-ssl@https://registry.npmjs.org/xmlhttprequest-ssl/-/xmlhttprequest-ssl-2.1.2.tgz 0ms (cache hit)
23 http cache ws@https://registry.npmjs.org/ws/-/ws-8.18.3.tgz 0ms (cache hit)
24 http cache vite-plugin-react@https://registry.npmjs.org/vite-plugin-react/-/vite-plugin-react-4.0.1.tgz 0ms (cache hit)
25 http cache victory-vendor@https://registry.npmjs.org/victory-vendor/-/victory-vendor-37.3.6.tgz 0ms (cache hit)
26 http cache use-sync-external-store@https://registry.npmjs.org/use-sync-external-store/-/use-sync-external-store-1.6.0.tgz 0ms (cache hit)
27 http cache update-browserslist-db@https://registry.npmjs.org/update-browserslist-db/-/update-browserslist-db-1.2.3.tgz 0ms (cache hit)
28 http cache source-map-js@https://registry.npmjs.org/source-map-js/-/source-map-js-1.2.1.tgz 0ms (cache hit)
29 http cache tiny-invariant@https://registry.npmjs.org/tiny-invariant/-/tiny-invariant-1.3.3.tgz 0ms (cache hit)
30 http cache set-cookie-parser@https://registry.npmjs.org/set-cookie-parser/-/set-cookie-parser-2.7.2.tgz 0ms (cache hit)
31 http cache socket.io-parser@https://registry.npmjs.org/socket.io-parser/-/socket.io-parser-4.2.6.tgz 0ms (cache hit)
32 http cache socket.io-client@https://registry.npmjs.org/socket.io-client/-/socket.io-client-4.8.3.tgz 0ms (cache hit)
33 http cache scheduler@https://registry.npmjs.org/scheduler/-/scheduler-0.23.2.tgz 0ms (cache hit)
34 http cache redux-thunk@https://registry.npmjs.org/redux-thunk/-/redux-thunk-3.1.0.tgz 0ms (cache hit)
35 http cache yallist@https://registry.npmjs.org/yallist/-/yallist-3.1.1.tgz 0ms (cache hit)
36 http cache rollup@https://registry.npmjs.org/rollup/-/rollup-4.60.2.tgz 0ms (cache hit)
37 http cache reselect@https://registry.npmjs.org/reselect/-/reselect-5.1.1.tgz 0ms (cache hit)
38 http cache redux@https://registry.npmjs.org/redux/-/redux-5.0.1.tgz 0ms (cache hit)
39 http cache semver@https://registry.npmjs.org/semver/-/semver-6.3.1.tgz 0ms (cache hit)
40 http cache recharts@https://registry.npmjs.org/recharts/-/recharts-3.8.1.tgz 0ms (cache hit)
41 http cache react-dom@https://registry.npmjs.org/react-dom/-/react-dom-18.3.1.tgz 0ms (cache hit)
42 http cache react-redux@https://registry.npmjs.org/react-redux/-/react-redux-9.2.0.tgz 0ms (cache hit)
43 http cache react-router-dom@https://registry.npmjs.org/react-router-dom/-/react-router-dom-7.14.2.tgz 0ms (cache hit)
44 http cache react-is@https://registry.npmjs.org/react-is/-/react-is-19.2.5.tgz 0ms (cache hit)
45 http cache qr-scanner@https://registry.npmjs.org/qr-scanner/-/qr-scanner-1.4.2.tgz 0ms (cache hit)
46 http cache react@https://registry.npmjs.org/react/-/react-18.3.1.tgz 0ms (cache hit)
47 http cache vite@https://registry.npmjs.org/vite/-/vite-5.4.21.tgz 0ms (cache hit)
48 http cache react-refresh@https://registry.npmjs.org/react-refresh/-/react-refresh-0.17.0.tgz 0ms (cache hit)
49 http cache ms@https://registry.npmjs.org/ms/-/ms-2.1.3.tgz 0ms (cache hit)
50 http cache mime-db@https://registry.npmjs.org/mime-db/-/mime-db-1.52.0.tgz 0ms (cache hit)
51 http cache postcss@https://registry.npmjs.org/postcss/-/postcss-8.5.10.tgz 0ms (cache hit)
52 http cache mime-types@https://registry.npmjs.org/mime-types/-/mime-types-2.1.35.tgz 0ms (cache hit)
53 http cache node-releases@https://registry.npmjs.org/node-releases/-/node-releases-2.0.38.tgz 0ms (cache hit)
54 http cache qrcode.react@https://registry.npmjs.org/qrcode.react/-/qrcode.react-4.2.0.tgz 0ms (cache hit)
55 http cache nanoid@https://registry.npmjs.org/nanoid/-/nanoid-3.3.11.tgz 0ms (cache hit)
56 http cache picocolors@https://registry.npmjs.org/picocolors/-/picocolors-1.1.1.tgz 0ms (cache hit)
57 http cache react-router@https://registry.npmjs.org/react-router/-/react-router-7.14.2.tgz 0ms (cache hit)
58 http cache math-intrinsics@https://registry.npmjs.org/math-intrinsics/-/math-intrinsics-1.1.0.tgz 0ms (cache hit)
59 http cache jsesc@https://registry.npmjs.org/jsesc/-/jsesc-3.1.0.tgz 0ms (cache hit)
60 http cache lru-cache@https://registry.npmjs.org/lru-cache/-/lru-cache-5.1.1.tgz 0ms (cache hit)
61 http cache has-tostringtag@https://registry.npmjs.org/has-tostringtag/-/has-tostringtag-1.0.2.tgz 0ms (cache hit)
62 http cache loose-envify@https://registry.npmjs.org/loose-envify/-/loose-envify-1.4.0.tgz 0ms (cache hit)
63 http cache js-tokens@https://registry.npmjs.org/js-tokens/-/js-tokens-4.0.0.tgz 0ms (cache hit)
64 http cache lucide-react@https://registry.npmjs.org/lucide-react/-/lucide-react-1.9.0.tgz 0ms (cache hit)
65 http cache immer@https://registry.npmjs.org/immer/-/immer-10.2.0.tgz 0ms (cache hit)
66 http cache json5@https://registry.npmjs.org/json5/-/json5-2.2.3.tgz 0ms (cache hit)
67 http cache has-symbols@https://registry.npmjs.org/has-symbols/-/has-symbols-1.1.0.tgz 0ms (cache hit)
68 http cache gensync@https://registry.npmjs.org/gensync/-/gensync-1.0.0-beta.2.tgz 0ms (cache hit)
69 http cache function-bind@https://registry.npmjs.org/function-bind/-/function-bind-1.1.2.tgz 0ms (cache hit)
70 http cache gopd@https://registry.npmjs.org/gopd/-/gopd-1.2.0.tgz 0ms (cache hit)
71 http cache get-proto@https://registry.npmjs.org/get-proto/-/get-proto-1.0.1.tgz 0ms (cache hit)
72 http cache proxy-from-env@https://registry.npmjs.org/proxy-from-env/-/proxy-from-env-2.1.0.tgz 0ms (cache hit)
73 http cache get-intrinsic@https://registry.npmjs.org/get-intrinsic/-/get-intrinsic-1.3.0.tgz 0ms (cache hit)
74 http cache esbuild@https://registry.npmjs.org/esbuild/-/esbuild-0.21.5.tgz 0ms (cache hit)
75 http cache escalade@https://registry.npmjs.org/escalade/-/escalade-3.2.0.tgz 0ms (cache hit)
76 http cache es-toolkit@https://registry.npmjs.org/es-toolkit/-/es-toolkit-1.46.0.tgz 0ms (cache hit)
77 http cache follow-redirects@https://registry.npmjs.org/follow-redirects/-/follow-redirects-1.16.0.tgz 0ms (cache hit)
78 http cache hasown@https://registry.npmjs.org/hasown/-/hasown-2.0.3.tgz 0ms (cache hit)
79 http cache eventemitter3@https://registry.npmjs.org/eventemitter3/-/eventemitter3-5.0.4.tgz 0ms (cache hit)
80 http cache form-data@https://registry.npmjs.org/form-data/-/form-data-4.0.5.tgz 0ms (cache hit)
81 http cache es-define-property@https://registry.npmjs.org/es-define-property/-/es-define-property-1.0.1.tgz 0ms (cache hit)
82 http cache es-set-tostringtag@https://registry.npmjs.org/es-set-tostringtag/-/es-set-tostringtag-2.1.0.tgz 0ms (cache hit)
83 http cache es-errors@https://registry.npmjs.org/es-errors/-/es-errors-1.3.0.tgz 0ms (cache hit)
84 http cache fsevents@https://registry.npmjs.org/fsevents/-/fsevents-2.3.3.tgz 0ms (cache hit)
85 http cache engine.io-parser@https://registry.npmjs.org/engine.io-parser/-/engine.io-parser-5.2.3.tgz 0ms (cache hit)
86 http cache internmap@https://registry.npmjs.org/internmap/-/internmap-2.0.3.tgz 0ms (cache hit)
87 http cache debug@https://registry.npmjs.org/debug/-/debug-4.4.3.tgz 0ms (cache hit)
88 http cache electron-to-chromium@https://registry.npmjs.org/electron-to-chromium/-/electron-to-chromium-1.5.344.tgz 0ms (cache hit)
89 http cache delayed-stream@https://registry.npmjs.org/delayed-stream/-/delayed-stream-1.0.0.tgz 0ms (cache hit)
90 http cache decimal.js-light@https://registry.npmjs.org/decimal.js-light/-/decimal.js-light-2.5.1.tgz 0ms (cache hit)
91 http cache dunder-proto@https://registry.npmjs.org/dunder-proto/-/dunder-proto-1.0.1.tgz 0ms (cache hit)
92 http cache es-object-atoms@https://registry.npmjs.org/es-object-atoms/-/es-object-atoms-1.1.1.tgz 0ms (cache hit)
93 http cache d3-timer@https://registry.npmjs.org/d3-timer/-/d3-timer-3.0.1.tgz 0ms (cache hit)
94 http cache engine.io-client@https://registry.npmjs.org/engine.io-client/-/engine.io-client-6.6.4.tgz 0ms (cache hit)
95 http cache d3-scale@https://registry.npmjs.org/d3-scale/-/d3-scale-4.0.2.tgz 0ms (cache hit)
96 http cache d3-time@https://registry.npmjs.org/d3-time/-/d3-time-3.1.0.tgz 0ms (cache hit)
97 http cache d3-path@https://registry.npmjs.org/d3-path/-/d3-path-3.1.0.tgz 0ms (cache hit)
98 http cache d3-format@https://registry.npmjs.org/d3-format/-/d3-format-3.1.2.tgz 0ms (cache hit)
99 http cache d3-shape@https://registry.npmjs.org/d3-shape/-/d3-shape-3.2.0.tgz 0ms (cache hit)
100 http cache d3-time-format@https://registry.npmjs.org/d3-time-format/-/d3-time-format-4.1.0.tgz 0ms (cache hit)
101 http cache d3-color@https://registry.npmjs.org/d3-color/-/d3-color-3.1.0.tgz 0ms (cache hit)
102 http cache d3-interpolate@https://registry.npmjs.org/d3-interpolate/-/d3-interpolate-3.0.1.tgz 0ms (cache hit)
103 http cache d3-array@https://registry.npmjs.org/d3-array/-/d3-array-3.2.4.tgz 0ms (cache hit)
104 http cache convert-source-map@https://registry.npmjs.org/convert-source-map/-/convert-source-map-2.0.0.tgz 0ms (cache hit)
105 http cache combined-stream@https://registry.npmjs.org/combined-stream/-/combined-stream-1.0.8.tgz 0ms (cache hit)
106 http cache d3-ease@https://registry.npmjs.org/d3-ease/-/d3-ease-3.0.1.tgz 0ms (cache hit)
107 http cache asynckit@https://registry.npmjs.org/asynckit/-/asynckit-0.4.0.tgz 0ms (cache hit)
108 http cache clsx@https://registry.npmjs.org/clsx/-/clsx-2.1.1.tgz 0ms (cache hit)
109 http cache cookie@https://registry.npmjs.org/cookie/-/cookie-1.1.1.tgz 0ms (cache hit)
110 http cache call-bind-apply-helpers@https://registry.npmjs.org/call-bind-apply-helpers/-/call-bind-apply-helpers-1.0.2.tgz 0ms (cache hit)
111 http cache axios@https://registry.npmjs.org/axios/-/axios-1.15.2.tgz 0ms (cache hit)
112 http cache @types/d3-timer@https://registry.npmjs.org/@types/d3-timer/-/d3-timer-3.0.2.tgz 0ms (cache hit)
113 http cache @types/offscreencanvas@https://registry.npmjs.org/@types/offscreencanvas/-/offscreencanvas-2019.7.3.tgz 0ms (cache hit)
114 http cache @types/use-sync-external-store@https://registry.npmjs.org/@types/use-sync-external-store/-/use-sync-external-store-0.0.6.tgz 0ms (cache hit)
115 http cache @types/estree@https://registry.npmjs.org/@types/estree/-/estree-1.0.8.tgz 0ms (cache hit)
116 http cache @vitejs/plugin-react@https://registry.npmjs.org/@vitejs/plugin-react/-/plugin-react-4.7.0.tgz 0ms (cache hit)
117 http cache @types/d3-path@https://registry.npmjs.org/@types/d3-path/-/d3-path-3.1.1.tgz 0ms (cache hit)
118 http cache @types/d3-time@https://registry.npmjs.org/@types/d3-time/-/d3-time-3.0.4.tgz 0ms (cache hit)
119 http cache @types/d3-ease@https://registry.npmjs.org/@types/d3-ease/-/d3-ease-3.0.2.tgz 0ms (cache hit)
120 http cache @types/d3-color@https://registry.npmjs.org/@types/d3-color/-/d3-color-3.1.3.tgz 0ms (cache hit)
121 http cache @types/d3-interpolate@https://registry.npmjs.org/@types/d3-interpolate/-/d3-interpolate-3.0.4.tgz 0ms (cache hit)
122 http cache @types/d3-array@https://registry.npmjs.org/@types/d3-array/-/d3-array-3.2.2.tgz 0ms (cache hit)
123 http cache @types/babel__template@https://registry.npmjs.org/@types/babel__template/-/babel__template-7.4.4.tgz 0ms (cache hit)
124 http cache @types/babel__traverse@https://registry.npmjs.org/@types/babel__traverse/-/babel__traverse-7.28.0.tgz 0ms (cache hit)
125 http cache @standard-schema/utils@https://registry.npmjs.org/@standard-schema/utils/-/utils-0.3.0.tgz 0ms (cache hit)
126 http cache @standard-schema/spec@https://registry.npmjs.org/@standard-schema/spec/-/spec-1.1.0.tgz 0ms (cache hit)
127 http cache @types/babel__core@https://registry.npmjs.org/@types/babel__core/-/babel__core-7.20.5.tgz 0ms (cache hit)
128 http cache @types/d3-shape@https://registry.npmjs.org/@types/d3-shape/-/d3-shape-3.1.8.tgz 0ms (cache hit)
129 http cache @types/babel__generator@https://registry.npmjs.org/@types/babel__generator/-/babel__generator-7.27.0.tgz 0ms (cache hit)
130 http cache @socket.io/component-emitter@https://registry.npmjs.org/@socket.io/component-emitter/-/component-emitter-3.1.2.tgz 0ms (cache hit)
131 http cache @rolldown/pluginutils@https://registry.npmjs.org/@rolldown/pluginutils/-/pluginutils-1.0.0-beta.27.tgz 0ms (cache hit)
132 http cache @jridgewell/sourcemap-codec@https://registry.npmjs.org/@jridgewell/sourcemap-codec/-/sourcemap-codec-1.5.5.tgz 0ms (cache hit)
133 http cache baseline-browser-mapping@https://registry.npmjs.org/baseline-browser-mapping/-/baseline-browser-mapping-2.10.21.tgz 0ms (cache hit)
134 http cache @types/d3-scale@https://registry.npmjs.org/@types/d3-scale/-/d3-scale-4.0.9.tgz 0ms (cache hit)
135 http cache @jridgewell/trace-mapping@https://registry.npmjs.org/@jridgewell/trace-mapping/-/trace-mapping-0.3.31.tgz 0ms (cache hit)
136 http cache browserslist@https://registry.npmjs.org/browserslist/-/browserslist-4.28.2.tgz 0ms (cache hit)
137 http cache @jridgewell/gen-mapping@https://registry.npmjs.org/@jridgewell/gen-mapping/-/gen-mapping-0.3.13.tgz 0ms (cache hit)
138 http cache @babel/plugin-transform-react-jsx-source@https://registry.npmjs.org/@babel/plugin-transform-react-jsx-source/-/plugin-transform-react-jsx-source-7.27.1.tgz 0ms (cache hit)
139 http cache @babel/traverse@https://registry.npmjs.org/@babel/traverse/-/traverse-7.29.0.tgz 0ms (cache hit)
140 http cache @jridgewell/remapping@https://registry.npmjs.org/@jridgewell/remapping/-/remapping-2.3.5.tgz 0ms (cache hit)
141 http cache @babel/plugin-transform-react-jsx-self@https://registry.npmjs.org/@babel/plugin-transform-react-jsx-self/-/plugin-transform-react-jsx-self-7.27.1.tgz 0ms (cache hit)
142 http cache @esbuild/darwin-arm64@https://registry.npmjs.org/@esbuild/darwin-arm64/-/darwin-arm64-0.21.5.tgz 0ms (cache hit)
143 http cache @babel/template@https://registry.npmjs.org/@babel/template/-/template-7.28.6.tgz 0ms (cache hit)
144 http cache @rollup/rollup-darwin-arm64@https://registry.npmjs.org/@rollup/rollup-darwin-arm64/-/rollup-darwin-arm64-4.60.2.tgz 0ms (cache hit)
145 http cache @babel/plugin-syntax-import-meta@https://registry.npmjs.org/@babel/plugin-syntax-import-meta/-/plugin-syntax-import-meta-7.10.4.tgz 0ms (cache hit)
146 http cache @babel/helper-validator-option@https://registry.npmjs.org/@babel/helper-validator-option/-/helper-validator-option-7.27.1.tgz 0ms (cache hit)
147 http cache @babel/helper-validator-identifier@https://registry.npmjs.org/@babel/helper-validator-identifier/-/helper-validator-identifier-7.28.5.tgz 0ms (cache hit)
148 http cache @babel/helper-module-imports@https://registry.npmjs.org/@babel/helper-module-imports/-/helper-module-imports-7.28.6.tgz 0ms (cache hit)
149 http cache @babel/helper-globals@https://registry.npmjs.org/@babel/helper-globals/-/helper-globals-7.28.0.tgz 0ms (cache hit)
150 http cache @babel/compat-data@https://registry.npmjs.org/@babel/compat-data/-/compat-data-7.29.0.tgz 0ms (cache hit)
151 http cache @babel/helper-module-transforms@https://registry.npmjs.org/@babel/helper-module-transforms/-/helper-module-transforms-7.28.6.tgz 0ms (cache hit)
152 http cache @babel/code-frame@https://registry.npmjs.org/@babel/code-frame/-/code-frame-7.29.0.tgz 0ms (cache hit)
153 http cache @babel/helper-plugin-utils@https://registry.npmjs.org/@babel/helper-plugin-utils/-/helper-plugin-utils-7.28.6.tgz 0ms (cache hit)
154 http cache @babel/helper-compilation-targets@https://registry.npmjs.org/@babel/helper-compilation-targets/-/helper-compilation-targets-7.28.6.tgz 0ms (cache hit)
155 http cache @babel/core@https://registry.npmjs.org/@babel/core/-/core-7.29.0.tgz 0ms (cache hit)
156 http cache @reduxjs/toolkit@https://registry.npmjs.org/@reduxjs/toolkit/-/toolkit-2.11.2.tgz 0ms (cache hit)
157 http cache caniuse-lite@https://registry.npmjs.org/caniuse-lite/-/caniuse-lite-1.0.30001790.tgz 0ms (cache hit)
158 http cache react-refresh@https://registry.npmjs.org/react-refresh/-/react-refresh-0.8.3.tgz 0ms (cache hit)
159 http cache @babel/helper-string-parser@https://registry.npmjs.org/@babel/helper-string-parser/-/helper-string-parser-7.27.1.tgz 0ms (cache hit)
160 http cache @babel/parser@https://registry.npmjs.org/@babel/parser/-/parser-7.29.2.tgz 0ms (cache hit)
161 http cache @jridgewell/resolve-uri@https://registry.npmjs.org/@jridgewell/resolve-uri/-/resolve-uri-3.1.2.tgz 0ms (cache hit)
162 http cache @babel/types@https://registry.npmjs.org/@babel/types/-/types-7.29.0.tgz 0ms (cache hit)
163 silly tarball no local data for zustand@https://registry.npmjs.org/zustand/-/zustand-5.0.12.tgz. Extracting by manifest.
164 silly tarball no local data for xmlhttprequest-ssl@https://registry.npmjs.org/xmlhttprequest-ssl/-/xmlhttprequest-ssl-2.1.2.tgz. Extracting by manifest.
165 silly tarball no local data for ws@https://registry.npmjs.org/ws/-/ws-8.18.3.tgz. Extracting by manifest.
166 silly tarball no local data for vite-plugin-react@https://registry.npmjs.org/vite-plugin-react/-/vite-plugin-react-4.0.1.tgz. Extracting by manifest.
167 silly tarball no local data for victory-vendor@https://registry.npmjs.org/victory-vendor/-/victory-vendor-37.3.6.tgz. Extracting by manifest.
168 silly tarball no local data for use-sync-external-store@https://registry.npmjs.org/use-sync-external-store/-/use-sync-external-store-1.6.0.tgz. Extracting by manifest.
169 silly tarball no local data for update-browserslist-db@https://registry.npmjs.org/update-browserslist-db/-/update-browserslist-db-1.2.3.tgz. Extracting by manifest.
170 silly tarball no local data for source-map-js@https://registry.npmjs.org/source-map-js/-/source-map-js-1.2.1.tgz. Extracting by manifest.
171 silly tarball no local data for tiny-invariant@https://registry.npmjs.org/tiny-invariant/-/tiny-invariant-1.3.3.tgz. Extracting by manifest.
172 silly tarball no local data for set-cookie-parser@https://registry.npmjs.org/set-cookie-parser/-/set-cookie-parser-2.7.2.tgz. Extracting by manifest.
173 silly tarball no local data for socket.io-parser@https://registry.npmjs.org/socket.io-parser/-/socket.io-parser-4.2.6.tgz. Extracting by manifest.
174 silly tarball no local data for socket.io-client@https://registry.npmjs.org/socket.io-client/-/socket.io-client-4.8.3.tgz. Extracting by manifest.
175 silly tarball no local data for scheduler@https://registry.npmjs.org/scheduler/-/scheduler-0.23.2.tgz. Extracting by manifest.
176 silly tarball no local data for redux-thunk@https://registry.npmjs.org/redux-thunk/-/redux-thunk-3.1.0.tgz. Extracting by manifest.
177 silly tarball no local data for yallist@https://registry.npmjs.org/yallist/-/yallist-3.1.1.tgz. Extracting by manifest.
178 silly tarball no local data for rollup@https://registry.npmjs.org/rollup/-/rollup-4.60.2.tgz. Extracting by manifest.
179 silly tarball no local data for reselect@https://registry.npmjs.org/reselect/-/reselect-5.1.1.tgz. Extracting by manifest.
180 silly tarball no local data for redux@https://registry.npmjs.org/redux/-/redux-5.0.1.tgz. Extracting by manifest.
181 silly tarball no local data for semver@https://registry.npmjs.org/semver/-/semver-6.3.1.tgz. Extracting by manifest.
182 silly tarball no local data for recharts@https://registry.npmjs.org/recharts/-/recharts-3.8.1.tgz. Extracting by manifest.
183 silly tarball no local data for react-dom@https://registry.npmjs.org/react-dom/-/react-dom-18.3.1.tgz. Extracting by manifest.
184 silly tarball no local data for react-redux@https://registry.npmjs.org/react-redux/-/react-redux-9.2.0.tgz. Extracting by manifest.
185 silly tarball no local data for react-router-dom@https://registry.npmjs.org/react-router-dom/-/react-router-dom-7.14.2.tgz. Extracting by manifest.
186 silly tarball no local data for react-is@https://registry.npmjs.org/react-is/-/react-is-19.2.5.tgz. Extracting by manifest.
187 silly tarball no local data for qr-scanner@https://registry.npmjs.org/qr-scanner/-/qr-scanner-1.4.2.tgz. Extracting by manifest.
188 silly tarball no local data for react@https://registry.npmjs.org/react/-/react-18.3.1.tgz. Extracting by manifest.
189 silly tarball no local data for vite@https://registry.npmjs.org/vite/-/vite-5.4.21.tgz. Extracting by manifest.
190 http cache @babel/helpers@https://registry.npmjs.org/@babel/helpers/-/helpers-7.29.2.tgz 0ms (cache hit)
191 silly tarball no local data for react-refresh@https://registry.npmjs.org/react-refresh/-/react-refresh-0.17.0.tgz. Extracting by manifest.
192 http cache @babel/generator@https://registry.npmjs.org/@babel/generator/-/generator-7.29.1.tgz 0ms (cache hit)
193 http cache immer@https://registry.npmjs.org/immer/-/immer-11.1.4.tgz 0ms (cache hit)
194 silly tarball no local data for ms@https://registry.npmjs.org/ms/-/ms-2.1.3.tgz. Extracting by manifest.
195 silly tarball no local data for mime-db@https://registry.npmjs.org/mime-db/-/mime-db-1.52.0.tgz. Extracting by manifest.
196 silly tarball no local data for postcss@https://registry.npmjs.org/postcss/-/postcss-8.5.10.tgz. Extracting by manifest.
197 silly tarball no local data for mime-types@https://registry.npmjs.org/mime-types/-/mime-types-2.1.35.tgz. Extracting by manifest.
198 silly tarball no local data for node-releases@https://registry.npmjs.org/node-releases/-/node-releases-2.0.38.tgz. Extracting by manifest.
199 silly tarball no local data for qrcode.react@https://registry.npmjs.org/qrcode.react/-/qrcode.react-4.2.0.tgz. Extracting by manifest.
200 silly tarball no local data for nanoid@https://registry.npmjs.org/nanoid/-/nanoid-3.3.11.tgz. Extracting by manifest.
201 silly tarball no local data for picocolors@https://registry.npmjs.org/picocolors/-/picocolors-1.1.1.tgz. Extracting by manifest.
202 silly tarball no local data for react-router@https://registry.npmjs.org/react-router/-/react-router-7.14.2.tgz. Extracting by manifest.
203 silly tarball no local data for math-intrinsics@https://registry.npmjs.org/math-intrinsics/-/math-intrinsics-1.1.0.tgz. Extracting by manifest.
204 silly tarball no local data for jsesc@https://registry.npmjs.org/jsesc/-/jsesc-3.1.0.tgz. Extracting by manifest.
205 silly tarball no local data for lru-cache@https://registry.npmjs.org/lru-cache/-/lru-cache-5.1.1.tgz. Extracting by manifest.
206 silly tarball no local data for has-tostringtag@https://registry.npmjs.org/has-tostringtag/-/has-tostringtag-1.0.2.tgz. Extracting by manifest.
207 silly tarball no local data for loose-envify@https://registry.npmjs.org/loose-envify/-/loose-envify-1.4.0.tgz. Extracting by manifest.
208 silly tarball no local data for js-tokens@https://registry.npmjs.org/js-tokens/-/js-tokens-4.0.0.tgz. Extracting by manifest.
209 silly tarball no local data for lucide-react@https://registry.npmjs.org/lucide-react/-/lucide-react-1.9.0.tgz. Extracting by manifest.
210 silly tarball no local data for immer@https://registry.npmjs.org/immer/-/immer-10.2.0.tgz. Extracting by manifest.
211 silly tarball no local data for json5@https://registry.npmjs.org/json5/-/json5-2.2.3.tgz. Extracting by manifest.
212 silly tarball no local data for has-symbols@https://registry.npmjs.org/has-symbols/-/has-symbols-1.1.0.tgz. Extracting by manifest.
213 silly tarball no local data for gensync@https://registry.npmjs.org/gensync/-/gensync-1.0.0-beta.2.tgz. Extracting by manifest.
214 silly tarball no local data for function-bind@https://registry.npmjs.org/function-bind/-/function-bind-1.1.2.tgz. Extracting by manifest.
215 silly tarball no local data for gopd@https://registry.npmjs.org/gopd/-/gopd-1.2.0.tgz. Extracting by manifest.
216 silly tarball no local data for get-proto@https://registry.npmjs.org/get-proto/-/get-proto-1.0.1.tgz. Extracting by manifest.
217 silly tarball no local data for proxy-from-env@https://registry.npmjs.org/proxy-from-env/-/proxy-from-env-2.1.0.tgz. Extracting by manifest.
218 silly tarball no local data for get-intrinsic@https://registry.npmjs.org/get-intrinsic/-/get-intrinsic-1.3.0.tgz. Extracting by manifest.
219 silly tarball no local data for esbuild@https://registry.npmjs.org/esbuild/-/esbuild-0.21.5.tgz. Extracting by manifest.
220 silly tarball no local data for escalade@https://registry.npmjs.org/escalade/-/escalade-3.2.0.tgz. Extracting by manifest.
221 silly tarball no local data for es-toolkit@https://registry.npmjs.org/es-toolkit/-/es-toolkit-1.46.0.tgz. Extracting by manifest.
222 silly tarball no local data for follow-redirects@https://registry.npmjs.org/follow-redirects/-/follow-redirects-1.16.0.tgz. Extracting by manifest.
223 silly tarball no local data for hasown@https://registry.npmjs.org/hasown/-/hasown-2.0.3.tgz. Extracting by manifest.
224 silly tarball no local data for eventemitter3@https://registry.npmjs.org/eventemitter3/-/eventemitter3-5.0.4.tgz. Extracting by manifest.
225 silly tarball no local data for form-data@https://registry.npmjs.org/form-data/-/form-data-4.0.5.tgz. Extracting by manifest.
226 silly tarball no local data for es-define-property@https://registry.npmjs.org/es-define-property/-/es-define-property-1.0.1.tgz. Extracting by manifest.
227 silly tarball no local data for es-set-tostringtag@https://registry.npmjs.org/es-set-tostringtag/-/es-set-tostringtag-2.1.0.tgz. Extracting by manifest.
228 silly tarball no local data for es-errors@https://registry.npmjs.org/es-errors/-/es-errors-1.3.0.tgz. Extracting by manifest.
229 silly tarball no local data for fsevents@https://registry.npmjs.org/fsevents/-/fsevents-2.3.3.tgz. Extracting by manifest.
230 silly tarball no local data for engine.io-parser@https://registry.npmjs.org/engine.io-parser/-/engine.io-parser-5.2.3.tgz. Extracting by manifest.
231 silly tarball no local data for internmap@https://registry.npmjs.org/internmap/-/internmap-2.0.3.tgz. Extracting by manifest.
232 silly tarball no local data for debug@https://registry.npmjs.org/debug/-/debug-4.4.3.tgz. Extracting by manifest.
233 silly tarball no local data for electron-to-chromium@https://registry.npmjs.org/electron-to-chromium/-/electron-to-chromium-1.5.344.tgz. Extracting by manifest.
234 silly tarball no local data for delayed-stream@https://registry.npmjs.org/delayed-stream/-/delayed-stream-1.0.0.tgz. Extracting by manifest.
235 silly tarball no local data for decimal.js-light@https://registry.npmjs.org/decimal.js-light/-/decimal.js-light-2.5.1.tgz. Extracting by manifest.
236 silly tarball no local data for dunder-proto@https://registry.npmjs.org/dunder-proto/-/dunder-proto-1.0.1.tgz. Extracting by manifest.
237 silly tarball no local data for es-object-atoms@https://registry.npmjs.org/es-object-atoms/-/es-object-atoms-1.1.1.tgz. Extracting by manifest.
238 silly tarball no local data for d3-timer@https://registry.npmjs.org/d3-timer/-/d3-timer-3.0.1.tgz. Extracting by manifest.
239 silly tarball no local data for engine.io-client@https://registry.npmjs.org/engine.io-client/-/engine.io-client-6.6.4.tgz. Extracting by manifest.
240 silly tarball no local data for d3-scale@https://registry.npmjs.org/d3-scale/-/d3-scale-4.0.2.tgz. Extracting by manifest.
241 silly tarball no local data for d3-time@https://registry.npmjs.org/d3-time/-/d3-time-3.1.0.tgz. Extracting by manifest.
242 silly tarball no local data for d3-path@https://registry.npmjs.org/d3-path/-/d3-path-3.1.0.tgz. Extracting by manifest.
243 silly tarball no local data for d3-format@https://registry.npmjs.org/d3-format/-/d3-format-3.1.2.tgz. Extracting by manifest.
244 silly tarball no local data for d3-shape@https://registry.npmjs.org/d3-shape/-/d3-shape-3.2.0.tgz. Extracting by manifest.
245 silly tarball no local data for d3-time-format@https://registry.npmjs.org/d3-time-format/-/d3-time-format-4.1.0.tgz. Extracting by manifest.
246 silly tarball no local data for d3-color@https://registry.npmjs.org/d3-color/-/d3-color-3.1.0.tgz. Extracting by manifest.
247 silly tarball no local data for d3-interpolate@https://registry.npmjs.org/d3-interpolate/-/d3-interpolate-3.0.1.tgz. Extracting by manifest.
248 silly tarball no local data for d3-array@https://registry.npmjs.org/d3-array/-/d3-array-3.2.4.tgz. Extracting by manifest.
249 silly tarball no local data for convert-source-map@https://registry.npmjs.org/convert-source-map/-/convert-source-map-2.0.0.tgz. Extracting by manifest.
250 silly tarball no local data for combined-stream@https://registry.npmjs.org/combined-stream/-/combined-stream-1.0.8.tgz. Extracting by manifest.
251 silly tarball no local data for d3-ease@https://registry.npmjs.org/d3-ease/-/d3-ease-3.0.1.tgz. Extracting by manifest.
252 silly tarball no local data for asynckit@https://registry.npmjs.org/asynckit/-/asynckit-0.4.0.tgz. Extracting by manifest.
253 silly tarball no local data for clsx@https://registry.npmjs.org/clsx/-/clsx-2.1.1.tgz. Extracting by manifest.
254 silly tarball no local data for cookie@https://registry.npmjs.org/cookie/-/cookie-1.1.1.tgz. Extracting by manifest.
255 silly tarball no local data for call-bind-apply-helpers@https://registry.npmjs.org/call-bind-apply-helpers/-/call-bind-apply-helpers-1.0.2.tgz. Extracting by manifest.
256 silly tarball no local data for axios@https://registry.npmjs.org/axios/-/axios-1.15.2.tgz. Extracting by manifest.
257 silly tarball no local data for @types/d3-timer@https://registry.npmjs.org/@types/d3-timer/-/d3-timer-3.0.2.tgz. Extracting by manifest.
258 silly tarball no local data for @types/offscreencanvas@https://registry.npmjs.org/@types/offscreencanvas/-/offscreencanvas-2019.7.3.tgz. Extracting by manifest.
259 silly tarball no local data for @types/use-sync-external-store@https://registry.npmjs.org/@types/use-sync-external-store/-/use-sync-external-store-0.0.6.tgz. Extracting by manifest.
260 silly tarball no local data for @types/estree@https://registry.npmjs.org/@types/estree/-/estree-1.0.8.tgz. Extracting by manifest.
261 silly tarball no local data for @vitejs/plugin-react@https://registry.npmjs.org/@vitejs/plugin-react/-/plugin-react-4.7.0.tgz. Extracting by manifest.
262 silly tarball no local data for @types/d3-path@https://registry.npmjs.org/@types/d3-path/-/d3-path-3.1.1.tgz. Extracting by manifest.
263 silly tarball no local data for @types/d3-time@https://registry.npmjs.org/@types/d3-time/-/d3-time-3.0.4.tgz. Extracting by manifest.
264 silly tarball no local data for @types/d3-ease@https://registry.npmjs.org/@types/d3-ease/-/d3-ease-3.0.2.tgz. Extracting by manifest.
265 silly tarball no local data for @types/d3-color@https://registry.npmjs.org/@types/d3-color/-/d3-color-3.1.3.tgz. Extracting by manifest.
266 silly tarball no local data for @types/d3-interpolate@https://registry.npmjs.org/@types/d3-interpolate/-/d3-interpolate-3.0.4.tgz. Extracting by manifest.
267 silly tarball no local data for @types/d3-array@https://registry.npmjs.org/@types/d3-array/-/d3-array-3.2.2.tgz. Extracting by manifest.
268 silly tarball no local data for @types/babel__template@https://registry.npmjs.org/@types/babel__template/-/babel__template-7.4.4.tgz. Extracting by manifest.
269 silly tarball no local data for @types/babel__traverse@https://registry.npmjs.org/@types/babel__traverse/-/babel__traverse-7.28.0.tgz. Extracting by manifest.
270 silly tarball no local data for @standard-schema/utils@https://registry.npmjs.org/@standard-schema/utils/-/utils-0.3.0.tgz. Extracting by manifest.
271 silly tarball no local data for @standard-schema/spec@https://registry.npmjs.org/@standard-schema/spec/-/spec-1.1.0.tgz. Extracting by manifest.
272 silly tarball no local data for @types/babel__core@https://registry.npmjs.org/@types/babel__core/-/babel__core-7.20.5.tgz. Extracting by manifest.
273 silly tarball no local data for @types/d3-shape@https://registry.npmjs.org/@types/d3-shape/-/d3-shape-3.1.8.tgz. Extracting by manifest.
274 silly tarball no local data for @types/babel__generator@https://registry.npmjs.org/@types/babel__generator/-/babel__generator-7.27.0.tgz. Extracting by manifest.
275 silly tarball no local data for @socket.io/component-emitter@https://registry.npmjs.org/@socket.io/component-emitter/-/component-emitter-3.1.2.tgz. Extracting by manifest.
276 silly tarball no local data for @rolldown/pluginutils@https://registry.npmjs.org/@rolldown/pluginutils/-/pluginutils-1.0.0-beta.27.tgz. Extracting by manifest.
277 silly tarball no local data for @jridgewell/sourcemap-codec@https://registry.npmjs.org/@jridgewell/sourcemap-codec/-/sourcemap-codec-1.5.5.tgz. Extracting by manifest.
278 silly tarball no local data for baseline-browser-mapping@https://registry.npmjs.org/baseline-browser-mapping/-/baseline-browser-mapping-2.10.21.tgz. Extracting by manifest.
279 silly tarball no local data for @types/d3-scale@https://registry.npmjs.org/@types/d3-scale/-/d3-scale-4.0.9.tgz. Extracting by manifest.
280 silly tarball no local data for @jridgewell/trace-mapping@https://registry.npmjs.org/@jridgewell/trace-mapping/-/trace-mapping-0.3.31.tgz. Extracting by manifest.
281 silly tarball no local data for browserslist@https://registry.npmjs.org/browserslist/-/browserslist-4.28.2.tgz. Extracting by manifest.
282 silly tarball no local data for @jridgewell/gen-mapping@https://registry.npmjs.org/@jridgewell/gen-mapping/-/gen-mapping-0.3.13.tgz. Extracting by manifest.
283 silly tarball no local data for @babel/plugin-transform-react-jsx-source@https://registry.npmjs.org/@babel/plugin-transform-react-jsx-source/-/plugin-transform-react-jsx-source-7.27.1.tgz. Extracting by manifest.
284 silly tarball no local data for @babel/traverse@https://registry.npmjs.org/@babel/traverse/-/traverse-7.29.0.tgz. Extracting by manifest.
285 silly tarball no local data for @jridgewell/remapping@https://registry.npmjs.org/@jridgewell/remapping/-/remapping-2.3.5.tgz. Extracting by manifest.
286 silly tarball no local data for @babel/plugin-transform-react-jsx-self@https://registry.npmjs.org/@babel/plugin-transform-react-jsx-self/-/plugin-transform-react-jsx-self-7.27.1.tgz. Extracting by manifest.
287 silly tarball no local data for @esbuild/darwin-arm64@https://registry.npmjs.org/@esbuild/darwin-arm64/-/darwin-arm64-0.21.5.tgz. Extracting by manifest.
288 silly tarball no local data for @babel/template@https://registry.npmjs.org/@babel/template/-/template-7.28.6.tgz. Extracting by manifest.
289 silly tarball no local data for @rollup/rollup-darwin-arm64@https://registry.npmjs.org/@rollup/rollup-darwin-arm64/-/rollup-darwin-arm64-4.60.2.tgz. Extracting by manifest.
290 silly tarball no local data for @babel/plugin-syntax-import-meta@https://registry.npmjs.org/@babel/plugin-syntax-import-meta/-/plugin-syntax-import-meta-7.10.4.tgz. Extracting by manifest.
291 silly tarball no local data for @babel/helper-validator-option@https://registry.npmjs.org/@babel/helper-validator-option/-/helper-validator-option-7.27.1.tgz. Extracting by manifest.
292 silly tarball no local data for @babel/helper-validator-identifier@https://registry.npmjs.org/@babel/helper-validator-identifier/-/helper-validator-identifier-7.28.5.tgz. Extracting by manifest.
293 silly tarball no local data for @babel/helper-module-imports@https://registry.npmjs.org/@babel/helper-module-imports/-/helper-module-imports-7.28.6.tgz. Extracting by manifest.
294 silly tarball no local data for @babel/helper-globals@https://registry.npmjs.org/@babel/helper-globals/-/helper-globals-7.28.0.tgz. Extracting by manifest.
295 silly tarball no local data for @babel/compat-data@https://registry.npmjs.org/@babel/compat-data/-/compat-data-7.29.0.tgz. Extracting by manifest.
296 silly tarball no local data for @babel/helper-module-transforms@https://registry.npmjs.org/@babel/helper-module-transforms/-/helper-module-transforms-7.28.6.tgz. Extracting by manifest.
297 silly tarball no local data for @babel/code-frame@https://registry.npmjs.org/@babel/code-frame/-/code-frame-7.29.0.tgz. Extracting by manifest.
298 silly tarball no local data for @babel/helper-plugin-utils@https://registry.npmjs.org/@babel/helper-plugin-utils/-/helper-plugin-utils-7.28.6.tgz. Extracting by manifest.
299 silly tarball no local data for @babel/helper-compilation-targets@https://registry.npmjs.org/@babel/helper-compilation-targets/-/helper-compilation-targets-7.28.6.tgz. Extracting by manifest.
300 silly tarball no local data for @babel/core@https://registry.npmjs.org/@babel/core/-/core-7.29.0.tgz. Extracting by manifest.
301 silly tarball no local data for @reduxjs/toolkit@https://registry.npmjs.org/@reduxjs/toolkit/-/toolkit-2.11.2.tgz. Extracting by manifest.
302 silly tarball no local data for caniuse-lite@https://registry.npmjs.org/caniuse-lite/-/caniuse-lite-1.0.30001790.tgz. Extracting by manifest.
303 silly tarball no local data for react-refresh@https://registry.npmjs.org/react-refresh/-/react-refresh-0.8.3.tgz. Extracting by manifest.
304 silly tarball no local data for @babel/helper-string-parser@https://registry.npmjs.org/@babel/helper-string-parser/-/helper-string-parser-7.27.1.tgz. Extracting by manifest.
305 silly tarball no local data for @babel/parser@https://registry.npmjs.org/@babel/parser/-/parser-7.29.2.tgz. Extracting by manifest.
306 silly tarball no local data for @jridgewell/resolve-uri@https://registry.npmjs.org/@jridgewell/resolve-uri/-/resolve-uri-3.1.2.tgz. Extracting by manifest.
307 silly tarball no local data for @babel/types@https://registry.npmjs.org/@babel/types/-/types-7.29.0.tgz. Extracting by manifest.
308 silly tarball no local data for @babel/helpers@https://registry.npmjs.org/@babel/helpers/-/helpers-7.29.2.tgz. Extracting by manifest.
309 silly tarball no local data for @babel/generator@https://registry.npmjs.org/@babel/generator/-/generator-7.29.1.tgz. Extracting by manifest.
310 silly tarball no local data for immer@https://registry.npmjs.org/immer/-/immer-11.1.4.tgz. Extracting by manifest.
311 http fetch GET 200 https://registry.npmjs.org/set-cookie-parser/-/set-cookie-parser-2.7.2.tgz 208ms (cache miss)
312 http fetch GET 200 https://registry.npmjs.org/update-browserslist-db/-/update-browserslist-db-1.2.3.tgz 210ms (cache miss)
313 http fetch GET 200 https://registry.npmjs.org/xmlhttprequest-ssl/-/xmlhttprequest-ssl-2.1.2.tgz 212ms (cache miss)
314 http fetch GET 200 https://registry.npmjs.org/tiny-invariant/-/tiny-invariant-1.3.3.tgz 212ms (cache miss)
315 http fetch GET 200 https://registry.npmjs.org/vite-plugin-react/-/vite-plugin-react-4.0.1.tgz 215ms (cache miss)
316 http fetch GET 200 https://registry.npmjs.org/use-sync-external-store/-/use-sync-external-store-1.6.0.tgz 217ms (cache miss)
317 http fetch GET 200 https://registry.npmjs.org/npm 317ms
318 http fetch GET 200 https://registry.npmjs.org/source-map-js/-/source-map-js-1.2.1.tgz 244ms (cache miss)
319 http fetch GET 200 https://registry.npmjs.org/react-router-dom/-/react-router-dom-7.14.2.tgz 250ms (cache miss)
320 http fetch GET 200 https://registry.npmjs.org/yallist/-/yallist-3.1.1.tgz 251ms (cache miss)
321 http fetch GET 200 https://registry.npmjs.org/ws/-/ws-8.18.3.tgz 256ms (cache miss)
322 http fetch GET 200 https://registry.npmjs.org/socket.io-parser/-/socket.io-parser-4.2.6.tgz 254ms (cache miss)
323 http fetch GET 200 https://registry.npmjs.org/redux-thunk/-/redux-thunk-3.1.0.tgz 259ms (cache miss)
324 http fetch GET 200 https://registry.npmjs.org/semver/-/semver-6.3.1.tgz 263ms (cache miss)
325 http fetch GET 200 https://registry.npmjs.org/react-is/-/react-is-19.2.5.tgz 269ms (cache miss)
326 http fetch GET 200 https://registry.npmjs.org/scheduler/-/scheduler-0.23.2.tgz 274ms (cache miss)
327 http fetch GET 200 https://registry.npmjs.org/zustand/-/zustand-5.0.12.tgz 290ms (cache miss)
328 http fetch GET 200 https://registry.npmjs.org/react-refresh/-/react-refresh-0.17.0.tgz 284ms (cache miss)
329 http fetch GET 200 https://registry.npmjs.org/ms/-/ms-2.1.3.tgz 303ms (cache miss)
330 http fetch GET 200 https://registry.npmjs.org/mime-db/-/mime-db-1.52.0.tgz 304ms (cache miss)
331 http fetch POST 200 https://registry.npmjs.org/-/npm/v1/security/advisories/bulk 351ms
332 silly audit report {
332 silly audit report   esbuild: [
332 silly audit report     {
332 silly audit report       id: 1102341,
332 silly audit report       url: 'https://github.com/advisories/GHSA-67mh-4wv8-2f99',
332 silly audit report       title: 'esbuild enables any website to send any requests to the development server and read the response',
332 silly audit report       severity: 'moderate',
332 silly audit report       vulnerable_versions: '<=0.24.2',
332 silly audit report       cwe: [Array],
332 silly audit report       cvss: [Object]
332 silly audit report     }
332 silly audit report   ],
332 silly audit report   vite: [
332 silly audit report     {
332 silly audit report       id: 1116229,
332 silly audit report       url: 'https://github.com/advisories/GHSA-4w7w-66w2-5vf9',
332 silly audit report       title: 'Vite Vulnerable to Path Traversal in Optimized Deps `.map` Handling',
332 silly audit report       severity: 'moderate',
332 silly audit report       vulnerable_versions: '<=6.4.1',
332 silly audit report       cwe: [Array],
332 silly audit report       cvss: [Object]
332 silly audit report     }
332 silly audit report   ]
332 silly audit report }
333 silly packumentCache corgi:https://registry.npmjs.org/esbuild cache-miss
334 silly packumentCache corgi:https://registry.npmjs.org/vite cache-miss
335 http fetch GET 200 https://registry.npmjs.org/mime-types/-/mime-types-2.1.35.tgz 336ms (cache miss)
336 http fetch GET 200 https://registry.npmjs.org/node-releases/-/node-releases-2.0.38.tgz 353ms (cache miss)
337 http fetch GET 200 https://registry.npmjs.org/qrcode.react/-/qrcode.react-4.2.0.tgz 370ms (cache miss)
338 http fetch GET 200 https://registry.npmjs.org/picocolors/-/picocolors-1.1.1.tgz 370ms (cache miss)
339 http fetch GET 200 https://registry.npmjs.org/qr-scanner/-/qr-scanner-1.4.2.tgz 373ms (cache miss)
340 http fetch GET 200 https://registry.npmjs.org/redux/-/redux-5.0.1.tgz 376ms (cache miss)
341 http fetch GET 200 https://registry.npmjs.org/jsesc/-/jsesc-3.1.0.tgz 384ms (cache miss)
342 http fetch GET 200 https://registry.npmjs.org/loose-envify/-/loose-envify-1.4.0.tgz 384ms (cache miss)
343 http fetch GET 200 https://registry.npmjs.org/lru-cache/-/lru-cache-5.1.1.tgz 395ms (cache miss)
344 http fetch GET 200 https://registry.npmjs.org/has-tostringtag/-/has-tostringtag-1.0.2.tgz 424ms (cache miss)
345 http fetch GET 200 https://registry.npmjs.org/nanoid/-/nanoid-3.3.11.tgz 431ms (cache miss)
346 http fetch GET 200 https://registry.npmjs.org/gensync/-/gensync-1.0.0-beta.2.tgz 434ms (cache miss)
347 http fetch GET 200 https://registry.npmjs.org/math-intrinsics/-/math-intrinsics-1.1.0.tgz 439ms (cache miss)
348 http fetch GET 200 https://registry.npmjs.org/js-tokens/-/js-tokens-4.0.0.tgz 445ms (cache miss)
349 http fetch GET 200 https://registry.npmjs.org/proxy-from-env/-/proxy-from-env-2.1.0.tgz 445ms (cache miss)
350 http fetch GET 200 https://registry.npmjs.org/reselect/-/reselect-5.1.1.tgz 451ms (cache miss)
351 http fetch GET 200 https://registry.npmjs.org/has-symbols/-/has-symbols-1.1.0.tgz 449ms (cache miss)
352 http fetch GET 200 https://registry.npmjs.org/gopd/-/gopd-1.2.0.tgz 450ms (cache miss)
353 http fetch GET 200 https://registry.npmjs.org/get-proto/-/get-proto-1.0.1.tgz 450ms (cache miss)
354 http fetch GET 200 https://registry.npmjs.org/react/-/react-18.3.1.tgz 454ms (cache miss)
355 http fetch GET 200 https://registry.npmjs.org/get-intrinsic/-/get-intrinsic-1.3.0.tgz 450ms (cache miss)
356 http fetch GET 200 https://registry.npmjs.org/function-bind/-/function-bind-1.1.2.tgz 455ms (cache miss)
357 http fetch GET 200 https://registry.npmjs.org/escalade/-/escalade-3.2.0.tgz 455ms (cache miss)
358 http fetch GET 200 https://registry.npmjs.org/hasown/-/hasown-2.0.3.tgz 456ms (cache miss)
359 http fetch GET 200 https://registry.npmjs.org/follow-redirects/-/follow-redirects-1.16.0.tgz 458ms (cache miss)
360 http fetch GET 200 https://registry.npmjs.org/es-define-property/-/es-define-property-1.0.1.tgz 459ms (cache miss)
361 http fetch GET 200 https://registry.npmjs.org/eventemitter3/-/eventemitter3-5.0.4.tgz 460ms (cache miss)
362 http fetch GET 200 https://registry.npmjs.org/form-data/-/form-data-4.0.5.tgz 461ms (cache miss)
363 http fetch GET 200 https://registry.npmjs.org/esbuild/-/esbuild-0.21.5.tgz 465ms (cache miss)
364 http fetch GET 200 https://registry.npmjs.org/es-set-tostringtag/-/es-set-tostringtag-2.1.0.tgz 472ms (cache miss)
365 http fetch GET 200 https://registry.npmjs.org/es-errors/-/es-errors-1.3.0.tgz 473ms (cache miss)
366 http fetch GET 200 https://registry.npmjs.org/debug/-/debug-4.4.3.tgz 475ms (cache miss)
367 http fetch GET 200 https://registry.npmjs.org/fsevents/-/fsevents-2.3.3.tgz 479ms (cache miss)
368 http fetch GET 200 https://registry.npmjs.org/json5/-/json5-2.2.3.tgz 483ms (cache miss)
369 http fetch GET 200 https://registry.npmjs.org/dunder-proto/-/dunder-proto-1.0.1.tgz 488ms (cache miss)
370 http fetch GET 200 https://registry.npmjs.org/internmap/-/internmap-2.0.3.tgz 492ms (cache miss)
371 http fetch GET 200 https://registry.npmjs.org/d3-timer/-/d3-timer-3.0.1.tgz 493ms (cache miss)
372 http fetch GET 200 https://registry.npmjs.org/delayed-stream/-/delayed-stream-1.0.0.tgz 496ms (cache miss)
373 http fetch GET 200 https://registry.npmjs.org/decimal.js-light/-/decimal.js-light-2.5.1.tgz 497ms (cache miss)
374 http fetch GET 200 https://registry.npmjs.org/postcss/-/postcss-8.5.10.tgz 502ms (cache miss)
375 http fetch GET 200 https://registry.npmjs.org/es-object-atoms/-/es-object-atoms-1.1.1.tgz 498ms (cache miss)
376 http fetch GET 200 https://registry.npmjs.org/electron-to-chromium/-/electron-to-chromium-1.5.344.tgz 503ms (cache miss)
377 http fetch GET 200 https://registry.npmjs.org/react-redux/-/react-redux-9.2.0.tgz 524ms (cache miss)
378 http fetch GET 200 https://registry.npmjs.org/d3-path/-/d3-path-3.1.0.tgz 516ms (cache miss)
379 http fetch GET 200 https://registry.npmjs.org/d3-time/-/d3-time-3.1.0.tgz 518ms (cache miss)
380 http fetch GET 200 https://registry.npmjs.org/socket.io-client/-/socket.io-client-4.8.3.tgz 533ms (cache miss)
381 http fetch GET 200 https://registry.npmjs.org/rollup/-/rollup-4.60.2.tgz 537ms (cache miss)
382 http fetch GET 200 https://registry.npmjs.org/convert-source-map/-/convert-source-map-2.0.0.tgz 528ms (cache miss)
383 http fetch GET 200 https://registry.npmjs.org/immer/-/immer-10.2.0.tgz 543ms (cache miss)
384 http fetch GET 200 https://registry.npmjs.org/d3-color/-/d3-color-3.1.0.tgz 540ms (cache miss)
385 http fetch GET 200 https://registry.npmjs.org/d3-scale/-/d3-scale-4.0.2.tgz 542ms (cache miss)
386 http fetch GET 200 https://registry.npmjs.org/engine.io-parser/-/engine.io-parser-5.2.3.tgz 545ms (cache miss)
387 http fetch GET 200 https://registry.npmjs.org/combined-stream/-/combined-stream-1.0.8.tgz 541ms (cache miss)
388 http fetch GET 200 https://registry.npmjs.org/cookie/-/cookie-1.1.1.tgz 549ms (cache miss)
389 http fetch GET 200 https://registry.npmjs.org/clsx/-/clsx-2.1.1.tgz 559ms (cache miss)
390 http fetch GET 200 https://registry.npmjs.org/call-bind-apply-helpers/-/call-bind-apply-helpers-1.0.2.tgz 559ms (cache miss)
391 http fetch GET 200 https://registry.npmjs.org/@types/d3-timer/-/d3-timer-3.0.2.tgz 565ms (cache miss)
392 http fetch GET 200 https://registry.npmjs.org/asynckit/-/asynckit-0.4.0.tgz 566ms (cache miss)
393 http fetch GET 200 https://registry.npmjs.org/d3-ease/-/d3-ease-3.0.1.tgz 567ms (cache miss)
394 http fetch GET 200 https://registry.npmjs.org/vite/-/vite-5.4.21.tgz 578ms (cache miss)
395 http fetch GET 200 https://registry.npmjs.org/d3-interpolate/-/d3-interpolate-3.0.1.tgz 572ms (cache miss)
396 http fetch GET 200 https://registry.npmjs.org/d3-time-format/-/d3-time-format-4.1.0.tgz 574ms (cache miss)
397 http fetch GET 200 https://registry.npmjs.org/@types/offscreencanvas/-/offscreencanvas-2019.7.3.tgz 573ms (cache miss)
398 http fetch GET 200 https://registry.npmjs.org/react-dom/-/react-dom-18.3.1.tgz 584ms (cache miss)
399 http fetch GET 200 https://registry.npmjs.org/@types/estree/-/estree-1.0.8.tgz 581ms (cache miss)
400 http fetch GET 200 https://registry.npmjs.org/d3-format/-/d3-format-3.1.2.tgz 591ms (cache miss)
401 http fetch GET 200 https://registry.npmjs.org/@types/d3-ease/-/d3-ease-3.0.2.tgz 591ms (cache miss)
402 http fetch GET 200 https://registry.npmjs.org/d3-array/-/d3-array-3.2.4.tgz 594ms (cache miss)
403 http fetch GET 200 https://registry.npmjs.org/@types/use-sync-external-store/-/use-sync-external-store-0.0.6.tgz 593ms (cache miss)
404 http fetch GET 200 https://registry.npmjs.org/@types/d3-time/-/d3-time-3.0.4.tgz 593ms (cache miss)
405 http fetch GET 200 https://registry.npmjs.org/@types/d3-interpolate/-/d3-interpolate-3.0.4.tgz 595ms (cache miss)
406 http fetch GET 200 https://registry.npmjs.org/d3-shape/-/d3-shape-3.2.0.tgz 600ms (cache miss)
407 http fetch GET 200 https://registry.npmjs.org/@vitejs/plugin-react/-/plugin-react-4.7.0.tgz 599ms (cache miss)
408 http fetch GET 200 https://registry.npmjs.org/@types/d3-color/-/d3-color-3.1.3.tgz 605ms (cache miss)
409 http fetch GET 200 https://registry.npmjs.org/@types/d3-array/-/d3-array-3.2.2.tgz 613ms (cache miss)
410 http fetch GET 200 https://registry.npmjs.org/@types/d3-path/-/d3-path-3.1.1.tgz 616ms (cache miss)
411 http fetch GET 200 https://registry.npmjs.org/@types/babel__template/-/babel__template-7.4.4.tgz 617ms (cache miss)
412 http fetch GET 200 https://registry.npmjs.org/@standard-schema/spec/-/spec-1.1.0.tgz 621ms (cache miss)
413 http fetch GET 200 https://registry.npmjs.org/@types/babel__traverse/-/babel__traverse-7.28.0.tgz 623ms (cache miss)
414 http fetch GET 200 https://registry.npmjs.org/@standard-schema/utils/-/utils-0.3.0.tgz 631ms (cache miss)
415 http fetch GET 200 https://registry.npmjs.org/@types/d3-shape/-/d3-shape-3.1.8.tgz 631ms (cache miss)
416 http fetch GET 200 https://registry.npmjs.org/@types/babel__core/-/babel__core-7.20.5.tgz 631ms (cache miss)
417 http fetch GET 200 https://registry.npmjs.org/baseline-browser-mapping/-/baseline-browser-mapping-2.10.21.tgz 639ms (cache miss)
418 http fetch GET 200 https://registry.npmjs.org/@types/babel__generator/-/babel__generator-7.27.0.tgz 647ms (cache miss)
419 http fetch GET 200 https://registry.npmjs.org/react-router/-/react-router-7.14.2.tgz 657ms (cache miss)
420 http fetch GET 200 https://registry.npmjs.org/@socket.io/component-emitter/-/component-emitter-3.1.2.tgz 660ms (cache miss)
421 http fetch GET 200 https://registry.npmjs.org/@types/d3-scale/-/d3-scale-4.0.9.tgz 665ms (cache miss)
422 http fetch GET 200 https://registry.npmjs.org/@rolldown/pluginutils/-/pluginutils-1.0.0-beta.27.tgz 665ms (cache miss)
423 http fetch GET 200 https://registry.npmjs.org/browserslist/-/browserslist-4.28.2.tgz 665ms (cache miss)
424 http fetch GET 200 https://registry.npmjs.org/axios/-/axios-1.15.2.tgz 673ms (cache miss)
425 http fetch GET 200 https://registry.npmjs.org/@babel/plugin-transform-react-jsx-source/-/plugin-transform-react-jsx-source-7.27.1.tgz 670ms (cache miss)
426 http fetch GET 200 https://registry.npmjs.org/engine.io-client/-/engine.io-client-6.6.4.tgz 680ms (cache miss)
427 http fetch GET 200 https://registry.npmjs.org/@jridgewell/sourcemap-codec/-/sourcemap-codec-1.5.5.tgz 675ms (cache miss)
428 http fetch GET 200 https://registry.npmjs.org/@jridgewell/remapping/-/remapping-2.3.5.tgz 679ms (cache miss)
429 http fetch GET 200 https://registry.npmjs.org/@babel/template/-/template-7.28.6.tgz 683ms (cache miss)
430 http fetch GET 200 https://registry.npmjs.org/@babel/plugin-transform-react-jsx-self/-/plugin-transform-react-jsx-self-7.27.1.tgz 686ms (cache miss)
431 http fetch GET 200 https://registry.npmjs.org/@babel/plugin-syntax-import-meta/-/plugin-syntax-import-meta-7.10.4.tgz 690ms (cache miss)
432 http fetch GET 200 https://registry.npmjs.org/@jridgewell/gen-mapping/-/gen-mapping-0.3.13.tgz 713ms (cache miss)
433 http fetch GET 200 https://registry.npmjs.org/@babel/helper-globals/-/helper-globals-7.28.0.tgz 721ms (cache miss)
434 http fetch GET 200 https://registry.npmjs.org/@babel/helper-validator-option/-/helper-validator-option-7.27.1.tgz 722ms (cache miss)
435 http fetch GET 200 https://registry.npmjs.org/@babel/helper-module-imports/-/helper-module-imports-7.28.6.tgz 725ms (cache miss)
436 http fetch GET 200 https://registry.npmjs.org/@jridgewell/trace-mapping/-/trace-mapping-0.3.31.tgz 734ms (cache miss)
437 http fetch GET 200 https://registry.npmjs.org/@babel/helper-validator-identifier/-/helper-validator-identifier-7.28.5.tgz 733ms (cache miss)
438 http fetch GET 200 https://registry.npmjs.org/@babel/traverse/-/traverse-7.29.0.tgz 738ms (cache miss)
439 http fetch GET 200 https://registry.npmjs.org/@babel/helper-module-transforms/-/helper-module-transforms-7.28.6.tgz 736ms (cache miss)
440 http fetch GET 200 https://registry.npmjs.org/@babel/code-frame/-/code-frame-7.29.0.tgz 741ms (cache miss)
441 http fetch GET 200 https://registry.npmjs.org/@babel/helper-plugin-utils/-/helper-plugin-utils-7.28.6.tgz 749ms (cache miss)
442 http fetch GET 200 https://registry.npmjs.org/react-refresh/-/react-refresh-0.8.3.tgz 775ms (cache miss)
443 http fetch GET 200 https://registry.npmjs.org/@babel/helper-compilation-targets/-/helper-compilation-targets-7.28.6.tgz 780ms (cache miss)
444 http fetch GET 200 https://registry.npmjs.org/@babel/helper-string-parser/-/helper-string-parser-7.27.1.tgz 798ms (cache miss)
445 http fetch GET 200 https://registry.npmjs.org/victory-vendor/-/victory-vendor-37.3.6.tgz 837ms (cache miss)
446 http fetch GET 200 https://registry.npmjs.org/@jridgewell/resolve-uri/-/resolve-uri-3.1.2.tgz 823ms (cache miss)
447 http fetch GET 200 https://registry.npmjs.org/@rollup/rollup-darwin-arm64/-/rollup-darwin-arm64-4.60.2.tgz 833ms (cache miss)
448 http fetch GET 200 https://registry.npmjs.org/esbuild 548ms (cache miss)
449 silly packumentCache corgi:https://registry.npmjs.org/esbuild set size:undefined disposed:false
450 http fetch GET 200 https://registry.npmjs.org/@babel/parser/-/parser-7.29.2.tgz 876ms (cache miss)
451 http fetch GET 200 https://registry.npmjs.org/@esbuild/darwin-arm64/-/darwin-arm64-0.21.5.tgz 888ms (cache miss)
452 http fetch GET 200 https://registry.npmjs.org/@babel/compat-data/-/compat-data-7.29.0.tgz 888ms (cache miss)
453 http fetch GET 200 https://registry.npmjs.org/@babel/generator/-/generator-7.29.1.tgz 877ms (cache miss)
454 http fetch GET 200 https://registry.npmjs.org/immer/-/immer-11.1.4.tgz 877ms (cache miss)
455 http fetch GET 200 https://registry.npmjs.org/@babel/core/-/core-7.29.0.tgz 914ms (cache miss)
456 http fetch GET 200 https://registry.npmjs.org/vite 637ms (cache miss)
457 silly packumentCache corgi:https://registry.npmjs.org/vite set size:undefined disposed:false
458 silly packumentCache corgi:https://registry.npmjs.org/@vitejs%2fplugin-react cache-miss
459 silly packumentCache corgi:https://registry.npmjs.org/vite-plugin-react cache-miss
460 http fetch GET 200 https://registry.npmjs.org/@babel/types/-/types-7.29.0.tgz 1040ms (cache miss)
461 http fetch GET 200 https://registry.npmjs.org/vite-plugin-react 52ms (cache miss)
462 silly packumentCache corgi:https://registry.npmjs.org/vite-plugin-react set size:undefined disposed:false
463 http fetch GET 200 https://registry.npmjs.org/@vitejs%2fplugin-react 73ms (cache miss)
464 silly packumentCache corgi:https://registry.npmjs.org/@vitejs%2fplugin-react set size:undefined disposed:false
465 http fetch GET 200 https://registry.npmjs.org/@babel/helpers/-/helpers-7.29.2.tgz 1086ms (cache miss)
466 http fetch GET 200 https://registry.npmjs.org/@reduxjs/toolkit/-/toolkit-2.11.2.tgz 1145ms (cache miss)
467 http fetch GET 200 https://registry.npmjs.org/recharts/-/recharts-3.8.1.tgz 1254ms (cache miss)
468 http fetch GET 200 https://registry.npmjs.org/caniuse-lite/-/caniuse-lite-1.0.30001790.tgz 1287ms (cache miss)
469 http fetch GET 200 https://registry.npmjs.org/es-toolkit/-/es-toolkit-1.46.0.tgz 1646ms (cache miss)
470 http fetch GET 200 https://registry.npmjs.org/lucide-react/-/lucide-react-1.9.0.tgz 2037ms (cache miss)
471 info run esbuild@0.21.5 postinstall node_modules/esbuild node install.js
472 info run esbuild@0.21.5 postinstall { code: 0, signal: null }
473 silly ADD node_modules/zustand
474 silly ADD node_modules/yallist
475 silly ADD node_modules/xmlhttprequest-ssl
476 silly ADD node_modules/ws
477 silly ADD node_modules/vite-plugin-react
478 silly ADD node_modules/vite-plugin-react/node_modules/react-refresh
479 silly ADD node_modules/vite
480 silly ADD node_modules/victory-vendor
481 silly ADD node_modules/use-sync-external-store
482 silly ADD node_modules/update-browserslist-db
483 silly ADD node_modules/tiny-invariant
484 silly ADD node_modules/source-map-js
485 silly ADD node_modules/socket.io-parser
486 silly ADD node_modules/socket.io-client
487 silly ADD node_modules/set-cookie-parser
488 silly ADD node_modules/semver
489 silly ADD node_modules/scheduler
490 silly ADD node_modules/rollup
491 silly ADD node_modules/reselect
492 silly ADD node_modules/redux-thunk
493 silly ADD node_modules/redux
494 silly ADD node_modules/recharts
495 silly ADD node_modules/react-router-dom
496 silly ADD node_modules/react-router
497 silly ADD node_modules/react-refresh
498 silly ADD node_modules/react-redux
499 silly ADD node_modules/react-is
500 silly ADD node_modules/react-dom
501 silly ADD node_modules/react
502 silly ADD node_modules/qrcode.react
503 silly ADD node_modules/qr-scanner
504 silly ADD node_modules/proxy-from-env
505 silly ADD node_modules/postcss
506 silly ADD node_modules/picocolors
507 silly ADD node_modules/node-releases
508 silly ADD node_modules/nanoid
509 silly ADD node_modules/ms
510 silly ADD node_modules/mime-types
511 silly ADD node_modules/mime-db
512 silly ADD node_modules/math-intrinsics
513 silly ADD node_modules/lucide-react
514 silly ADD node_modules/lru-cache
515 silly ADD node_modules/loose-envify
516 silly ADD node_modules/json5
517 silly ADD node_modules/jsesc
518 silly ADD node_modules/js-tokens
519 silly ADD node_modules/internmap
520 silly ADD node_modules/immer
521 silly ADD node_modules/hasown
522 silly ADD node_modules/has-tostringtag
523 silly ADD node_modules/has-symbols
524 silly ADD node_modules/gopd
525 silly ADD node_modules/get-proto
526 silly ADD node_modules/get-intrinsic
527 silly ADD node_modules/gensync
528 silly ADD node_modules/function-bind
529 silly ADD node_modules/fsevents
530 silly ADD node_modules/form-data
531 silly ADD node_modules/follow-redirects
532 silly ADD node_modules/eventemitter3
533 silly ADD node_modules/escalade
534 silly ADD node_modules/esbuild
535 silly ADD node_modules/es-toolkit
536 silly ADD node_modules/es-set-tostringtag
537 silly ADD node_modules/es-object-atoms
538 silly ADD node_modules/es-errors
539 silly ADD node_modules/es-define-property
540 silly ADD node_modules/engine.io-parser
541 silly ADD node_modules/engine.io-client
542 silly ADD node_modules/electron-to-chromium
543 silly ADD node_modules/dunder-proto
544 silly ADD node_modules/delayed-stream
545 silly ADD node_modules/decimal.js-light
546 silly ADD node_modules/debug
547 silly ADD node_modules/d3-timer
548 silly ADD node_modules/d3-time-format
549 silly ADD node_modules/d3-time
550 silly ADD node_modules/d3-shape
551 silly ADD node_modules/d3-scale
552 silly ADD node_modules/d3-path
553 silly ADD node_modules/d3-interpolate
554 silly ADD node_modules/d3-format
555 silly ADD node_modules/d3-ease
556 silly ADD node_modules/d3-color
557 silly ADD node_modules/d3-array
558 silly ADD node_modules/cookie
559 silly ADD node_modules/convert-source-map
560 silly ADD node_modules/combined-stream
561 silly ADD node_modules/clsx
562 silly ADD node_modules/call-bind-apply-helpers
563 silly ADD node_modules/browserslist
564 silly ADD node_modules/baseline-browser-mapping
565 silly ADD node_modules/axios
566 silly ADD node_modules/asynckit
567 silly ADD node_modules/@vitejs/plugin-react
568 silly ADD node_modules/@types/use-sync-external-store
569 silly ADD node_modules/@types/offscreencanvas
570 silly ADD node_modules/@types/estree
571 silly ADD node_modules/@types/d3-timer
572 silly ADD node_modules/@types/d3-time
573 silly ADD node_modules/@types/d3-shape
574 silly ADD node_modules/@types/d3-scale
575 silly ADD node_modules/@types/d3-path
576 silly ADD node_modules/@types/d3-interpolate
577 silly ADD node_modules/@types/d3-ease
578 silly ADD node_modules/@types/d3-color
579 silly ADD node_modules/@types/d3-array
580 silly ADD node_modules/@types/babel__traverse
581 silly ADD node_modules/@types/babel__template
582 silly ADD node_modules/@types/babel__generator
583 silly ADD node_modules/@types/babel__core
584 silly ADD node_modules/@standard-schema/utils
585 silly ADD node_modules/@standard-schema/spec
586 silly ADD node_modules/@socket.io/component-emitter
587 silly ADD node_modules/@rollup/rollup-darwin-arm64
588 silly ADD node_modules/@rolldown/pluginutils
589 silly ADD node_modules/@jridgewell/trace-mapping
590 silly ADD node_modules/@jridgewell/sourcemap-codec
591 silly ADD node_modules/@jridgewell/resolve-uri
592 silly ADD node_modules/@jridgewell/remapping
593 silly ADD node_modules/@jridgewell/gen-mapping
594 silly ADD node_modules/@esbuild/darwin-arm64
595 silly ADD node_modules/@babel/traverse
596 silly ADD node_modules/@babel/template
597 silly ADD node_modules/@babel/plugin-transform-react-jsx-source
598 silly ADD node_modules/@babel/plugin-transform-react-jsx-self
599 silly ADD node_modules/@babel/plugin-syntax-import-meta
600 silly ADD node_modules/@babel/parser
601 silly ADD node_modules/@babel/helper-validator-option
602 silly ADD node_modules/@babel/helper-validator-identifier
603 silly ADD node_modules/@babel/helper-string-parser
604 silly ADD node_modules/@babel/helper-plugin-utils
605 silly ADD node_modules/@babel/helper-module-transforms
606 silly ADD node_modules/@babel/helper-module-imports
607 silly ADD node_modules/@babel/helper-globals
608 silly ADD node_modules/@babel/helper-compilation-targets
609 silly ADD node_modules/@babel/core
610 silly ADD node_modules/@babel/compat-data
611 silly ADD node_modules/@babel/code-frame
612 silly CHANGE node_modules/@reduxjs/toolkit
613 silly ADD node_modules/@reduxjs/toolkit/node_modules/immer
614 silly CHANGE node_modules/@babel/types
615 silly CHANGE node_modules/@babel/helpers
616 silly CHANGE node_modules/@babel/generator
617 silly CHANGE node_modules/caniuse-lite
618 verbose cwd /Users/vanthang/Documents/CDIO/Order_food/frontend
619 verbose os Darwin 25.4.0
620 verbose node v24.13.0
621 verbose npm  v11.6.2
622 notice
622 notice New [33mminor[39m version of npm available! [33m11.6.2[39m -> [34m11.14.1[39m
622 notice Changelog: [34mhttps://github.com/npm/cli/releases/tag/v11.14.1[39m
622 notice To update run: [4mnpm install -g npm@11.14.1[24m
622 notice  { force: true, Symbol(proc-log.meta): true }
623 verbose exit 0
624 info ok
